---
source: tui/src/keymap_setup.rs
expression: rendered
---
Keypress Inspector
Press any key to see what Codex receives. Esc is inspected; Ctrl+C closes.
Tip: Codex can only inspect keys your terminal sends.

Detected: f9
Config key: f9
Raw event: code=F(9), modifiers=none, kind=Press

Assigned actions:
  - chat.toggle_voice (Toggle Voice) - Start or stop a voice conversation. [Default]
