---
source: tui/src/chatwidget/tests/dictation.rs
expression: normalized_backend_snapshot(terminal.backend())
---
"                                                                                "
"                                                                                "
"› Final live transcript.                                                        "
"                                                                                "
"  gpt-5.6-sol default · /tmp/project                                            "
